{"body":{"description":"круто","slug":"po prikolugfn4","title":"Тур на зону"},"level":"info","message":"Req: POST /tours","query":{},"timestamp":"2026-02-28T19:56:51.880Z"}
{"level":"info","message":"Res: POST /tours - status: 201","timestamp":"2026-02-28T19:56:51.892Z"}
{"body":{},"level":"info","message":"Req: GET /prices/fake","query":{},"timestamp":"2026-02-28T19:57:08.430Z"}
{"level":"error","message":"Unhandled Rejection: Test Express Error","timestamp":"2026-02-28T19:57:08.433Z"}
{"level":"error","message":"Uncaught exception: CRITICAL SYSTEM FAILURE","stack":"Error: CRITICAL SYSTEM FAILURE\n    at Timeout._onTimeout (C:\\Users\\User\\GitHubRepos\\node-expres-ts\\src\\server.ts:10:9)\n    at listOnTimeout (node:internal/timers:605:17)\n    at processTimers (node:internal/timers:541:7)","timestamp":"2026-02-28T19:58:33.952Z"}
{"level":"error","message":"Uncaught exception: CRITICAL SYSTEM FAILURE","stack":"Error: CRITICAL SYSTEM FAILURE\n    at Timeout._onTimeout (/app/src/server.ts:10:9)\n    at listOnTimeout (node:internal/timers:569:17)\n    at processTimers (node:internal/timers:512:7)","timestamp":"2026-02-28T21:34:08.115Z"}
{"body":{"description":"круто","slug":"po prikolugfn4","title":"Тур на зону"},"level":"info","message":"Req: POST /tours","query":{},"timestamp":"2026-02-28T21:37:46.259Z"}
{"level":"info","message":"Res: POST /tours - status: 201","timestamp":"2026-02-28T21:37:46.280Z"}
{"body":{},"level":"info","message":"Req: GET /tours","query":{},"timestamp":"2026-02-28T21:37:51.509Z"}
{"level":"info","message":"Res: GET /tours - status: 200","timestamp":"2026-02-28T21:37:51.511Z"}
{"body":{},"level":"info","message":"Req: GET /tours","query":{},"timestamp":"2026-02-28T21:40:03.565Z"}
{"level":"info","message":"Res: GET /tours - status: 200","timestamp":"2026-02-28T21:40:03.568Z"}
{"body":{},"level":"info","message":"Req: GET /tours","query":{},"timestamp":"2026-02-28T21:40:04.971Z"}
{"level":"info","message":"Res: GET /tours - status: 200","timestamp":"2026-02-28T21:40:04.973Z"}
{"level":"error","message":"Uncaught exception: CRITICAL SYSTEM FAILURE","stack":"Error: CRITICAL SYSTEM FAILURE\n    at Timeout._onTimeout (/app/src/server.ts:10:9)\n    at listOnTimeout (node:internal/timers:585:17)\n    at processTimers (node:internal/timers:521:7)","timestamp":"2026-03-08T21:26:49.529Z"}
{"body":{},"level":"info","message":"Req: GET /tours","query":{},"timestamp":"2026-03-08T21:29:26.927Z"}
{"level":"error","message":"Unhandled Rejection: \nInvalid `prisma.tour.findMany()` invocation in\n/app/src/resources/tours/tour.memory.repository.ts:4:62\n\n  1 import { Tour } from '@prisma/client';\n  2 import prisma from '../../db/client';\n  3 \n→ 4 const getAllTours = async (): Promise<Tour[]> => prisma.tour.findMany(\nError validating `accelerateUrl`: the URL must start with the protocol `prisma://` or `prisma+postgres://`","timestamp":"2026-03-08T21:29:27.008Z"}
{"body":{"description":"круто","slug":"po prikolugfn4","title":"Тур на зону"},"level":"info","message":"Req: POST /tours","query":{},"timestamp":"2026-03-08T21:30:10.535Z"}
{"level":"error","message":"Unhandled Rejection: \nInvalid `prisma.tour.create()` invocation in\n/app/src/resources/tours/tour.memory.repository.ts:11:66\n\n   8   });\n   9 // const getByTourWithSchedule = async (tourId) => FAKE_TOUR_DB.filter((s) => s.productId);\n  10 \n→ 11 const createTour = async (data: Omit<Tour, 'id'>) => prisma.tour.create(\nError validating `accelerateUrl`: the URL must start with the protocol `prisma://` or `prisma+postgres://`","timestamp":"2026-03-08T21:30:10.547Z"}
{"level":"error","message":"Uncaught exception: CRITICAL SYSTEM FAILURE","stack":"Error: CRITICAL SYSTEM FAILURE\n    at Timeout._onTimeout (/app/src/server.ts:10:9)\n    at listOnTimeout (node:internal/timers:585:17)\n    at processTimers (node:internal/timers:521:7)","timestamp":"2026-03-08T21:37:16.011Z"}
{"body":{"description":"круто","slug":"po prikolugfn4","title":"Тур на зону"},"level":"info","message":"Req: POST /tours","query":{},"timestamp":"2026-03-08T21:37:23.923Z"}
{"level":"error","message":"Unhandled Rejection: \nInvalid `prisma.tour.create()` invocation in\n/app/src/resources/tours/tour.memory.repository.ts:11:66\n\n   8   });\n   9 // const getByTourWithSchedule = async (tourId) => FAKE_TOUR_DB.filter((s) => s.productId);\n  10 \n→ 11 const createTour = async (data: Omit<Tour, 'id'>) => prisma.tour.create({\n       data: {\n         title: \"Тур на зону\",\n         description: \"круто\",\n         slug: \"po prikolugfn4\",\n     +   isAlive: Boolean\n       }\n     })\n\nArgument `isAlive` is missing.","timestamp":"2026-03-08T21:37:24.255Z"}
{"body":{"description":"круто","isAlive":"true","slug":"po prikolugfn4","title":"Тур на зону"},"level":"info","message":"Req: POST /tours","query":{},"timestamp":"2026-03-08T21:38:28.231Z"}
{"level":"error","message":"Unhandled Rejection: \nInvalid `prisma.tour.create()` invocation in\n/app/src/resources/tours/tour.memory.repository.ts:11:66\n\n   8   });\n   9 // const getByTourWithSchedule = async (tourId) => FAKE_TOUR_DB.filter((s) => s.productId);\n  10 \n→ 11 const createTour = async (data: Omit<Tour, 'id'>) => prisma.tour.create({\n       data: {\n         title: \"Тур на зону\",\n         description: \"круто\",\n         slug: \"po prikolugfn4\",\n         isAlive: \"true\"\n                  ~~~~~~\n       }\n     })\n\nArgument `isAlive`: Invalid value provided. Expected Boolean, provided String.","timestamp":"2026-03-08T21:38:28.250Z"}
{"body":{"description":"круто","isAlive":true,"slug":"po prikolugfn4","title":"Тур на зону"},"level":"info","message":"Req: POST /tours","query":{},"timestamp":"2026-03-08T21:38:54.097Z"}
{"level":"error","message":"Unhandled Rejection: \nInvalid `prisma.tour.create()` invocation in\n/app/src/resources/tours/tour.memory.repository.ts:11:66\n\n   8   });\n   9 // const getByTourWithSchedule = async (tourId) => FAKE_TOUR_DB.filter((s) => s.productId);\n  10 \n→ 11 const createTour = async (data: Omit<Tour, 'id'>) => prisma.tour.create(\nThe table `public.tour` does not exist in the current database.","timestamp":"2026-03-08T21:38:54.246Z"}
{"body":{"description":"круто","isAlive":true,"slug":"po prikolugfn4","title":"Тур на зону"},"level":"info","message":"Req: POST /tours","query":{},"timestamp":"2026-03-08T21:47:50.395Z"}
{"level":"error","message":"Unhandled Rejection: \nInvalid `prisma.tour.create()` invocation in\n/app/src/resources/tours/tour.memory.repository.ts:11:66\n\n   8   });\n   9 // const getByTourWithSchedule = async (tourId) => FAKE_TOUR_DB.filter((s) => s.productId);\n  10 \n→ 11 const createTour = async (data: Omit<Tour, 'id'>) => prisma.tour.create(\nThe column `title` does not exist in the current database.","timestamp":"2026-03-08T21:47:50.426Z"}
{"body":{"description":"круто","isAlive":true,"slug":"po prikolugfn4","title":"Тур на зону"},"level":"info","message":"Req: POST /tours","query":{},"timestamp":"2026-03-08T21:50:08.248Z"}
{"level":"info","message":"Res: POST /tours - status: 201","timestamp":"2026-03-08T21:50:08.289Z"}
{"body":{"description":"круто2","isAlive":true,"slug":"po prikolugfn4","title":"Тур на зону222"},"level":"info","message":"Req: POST /tours","query":{},"timestamp":"2026-03-08T21:50:55.563Z"}
{"level":"info","message":"Res: POST /tours - status: 201","timestamp":"2026-03-08T21:50:55.584Z"}
{"body":{},"level":"info","message":"Req: GET /tours","query":{},"timestamp":"2026-03-08T21:51:16.855Z"}
{"level":"info","message":"Res: GET /tours - status: 200","timestamp":"2026-03-08T21:51:16.897Z"}
{"body":{},"level":"info","message":"Req: GET /tours/41d2cc70-f2bc-433f-939c-1c5f20be4777","query":{},"timestamp":"2026-03-08T21:51:30.693Z"}
{"level":"info","message":"Res: GET /tours/41d2cc70-f2bc-433f-939c-1c5f20be4777 - status: 200","timestamp":"2026-03-08T21:51:30.734Z"}
{"body":{"description":"unluck","slug":"lucky","title":"второй заход на зону"},"level":"info","message":"Req: PUT /tours/41d2cc70-f2bc-433f-939c-1c5f20be4777","query":{},"timestamp":"2026-03-08T21:51:41.927Z"}
{"level":"info","message":"Res: PUT /tours/41d2cc70-f2bc-433f-939c-1c5f20be4777 - status: 200","timestamp":"2026-03-08T21:51:41.959Z"}
{"body":{},"level":"info","message":"Req: GET /tours/41d2cc70-f2bc-433f-939c-1c5f20be4777/schedules","query":{},"timestamp":"2026-03-08T21:51:55.113Z"}
{"level":"error","message":"Unhandled Rejection: \nInvalid `prisma.schedule.findMany()` invocation in\n/app/src/resources/schedules/schedule.memory.repository.ts:11:84\n\n   8     include: { prices: true },\n   9   });\n  10 \n→ 11 const getByTourId = async (tourId: string): Promise<Schedule[]> => prisma.schedule.findMany(\nThe table `public.schedule` does not exist in the current database.","timestamp":"2026-03-08T21:51:55.148Z"}
{"body":{},"level":"info","message":"Req: GET /tours/41d2cc70-f2bc-433f-939c-1c5f20be4777/schedules","query":{},"timestamp":"2026-03-08T21:54:11.186Z"}
{"level":"info","message":"Res: GET /tours/41d2cc70-f2bc-433f-939c-1c5f20be4777/schedules - status: 200","timestamp":"2026-03-08T21:54:11.205Z"}
{"body":{"priceCurrency":"USD","priceValue":9900,"scheduleId":"72a8573b-990c-4c4e-9d94-dc3512b76879"},"level":"info","message":"Req: POST /prices/1","query":{},"timestamp":"2026-03-08T21:54:21.966Z"}
{"level":"info","message":"Res: POST /prices/1 - status: 201","timestamp":"2026-03-08T21:54:21.993Z"}
{"body":{},"level":"info","message":"Req: GET /prices/fake","query":{},"timestamp":"2026-03-08T21:54:43.887Z"}
{"level":"error","message":"Unhandled Rejection: Test Express Error","timestamp":"2026-03-08T21:54:43.888Z"}
{"body":{},"level":"info","message":"Req: GET /prices","query":{},"timestamp":"2026-03-08T21:54:53.259Z"}
{"level":"info","message":"Res: GET /prices - status: 200","timestamp":"2026-03-08T21:54:53.277Z"}
{"body":{},"level":"info","message":"Req: GET /prices/e6baaa00-585c-4a9f-954b-668f096483d6","query":{},"timestamp":"2026-03-08T21:55:02.363Z"}
{"level":"info","message":"Res: GET /prices/e6baaa00-585c-4a9f-954b-668f096483d6 - status: 200","timestamp":"2026-03-08T21:55:02.388Z"}
{"body":{"endDate":"2026-03-29","productId":"fc829aab-0d90-41e7-abf7-335943e6fa5b","startDate":"2026-03-25"},"level":"info","message":"Req: POST /schedules","query":{},"timestamp":"2026-03-08T21:55:22.150Z"}
{"level":"info","message":"Res: POST /schedules - status: 400","timestamp":"2026-03-08T21:55:22.152Z"}
{"body":{"endDate":"2026-03-29","startDate":"2026-03-25","tourId":"41d2cc70-f2bc-433f-939c-1c5f20be4777"},"level":"info","message":"Req: POST /schedules","query":{},"timestamp":"2026-03-08T21:55:54.271Z"}
{"level":"error","message":"Unhandled Rejection: \nInvalid `prisma.schedule.create()` invocation in\n/app/src/resources/schedules/schedule.memory.repository.ts:15:98\n\n  12     where: { tourId },\n  13   });\n  14 \n→ 15 const create = async (data: Omit<Schedule, 'id' | 'createdAt' | 'updatedAt'>) => prisma.schedule.create({\n       data: {\n         tourId: \"41d2cc70-f2bc-433f-939c-1c5f20be4777\",\n         startDate: \"2026-03-25\",\n         endDate: \"2026-03-29\",\n     +   isActive: Boolean\n       }\n     })\n\nArgument `isActive` is missing.","timestamp":"2026-03-08T21:55:54.281Z"}
{"body":{"endDate":"2026-03-29","isActive":true,"startDate":"2026-03-25","tourId":"41d2cc70-f2bc-433f-939c-1c5f20be4777"},"level":"info","message":"Req: POST /schedules","query":{},"timestamp":"2026-03-08T21:56:23.899Z"}
{"level":"error","message":"Unhandled Rejection: \nInvalid `prisma.schedule.create()` invocation in\n/app/src/resources/schedules/schedule.memory.repository.ts:15:98\n\n  12     where: { tourId },\n  13   });\n  14 \n→ 15 const create = async (data: Omit<Schedule, 'id' | 'createdAt' | 'updatedAt'>) => prisma.schedule.create({\n       data: {\n         tourId: \"41d2cc70-f2bc-433f-939c-1c5f20be4777\",\n         startDate: \"2026-03-25\",\n                    ~~~~~~~~~~~~\n         endDate: \"2026-03-29\",\n         isActive: true\n       }\n     })\n\nInvalid value for argument `startDate`: premature end of input. Expected ISO-8601 DateTime.","timestamp":"2026-03-08T21:56:23.908Z"}
{"body":{"endDate":"2026-03-29T21:56:23.908Z","startDate":"2026-03-25T21:56:23.908Z","tourId":"41d2cc70-f2bc-433f-939c-1c5f20be4777"},"level":"info","message":"Req: POST /schedules","query":{},"timestamp":"2026-03-08T21:57:44.955Z"}
{"level":"error","message":"Unhandled Rejection: \nInvalid `prisma.schedule.create()` invocation in\n/app/src/resources/schedules/schedule.memory.repository.ts:15:98\n\n  12     where: { tourId },\n  13   });\n  14 \n→ 15 const create = async (data: Omit<Schedule, 'id' | 'createdAt' | 'updatedAt'>) => prisma.schedule.create({\n       data: {\n         tourId: \"41d2cc70-f2bc-433f-939c-1c5f20be4777\",\n         startDate: \"2026-03-25T21:56:23.908Z\",\n         endDate: \"2026-03-29T21:56:23.908Z\",\n     +   isActive: Boolean\n       }\n     })\n\nArgument `isActive` is missing.","timestamp":"2026-03-08T21:57:44.963Z"}
{"body":{"endDate":"2026-03-29T21:56:23.908Z","isActive":true,"startDate":"2026-03-25T21:56:23.908Z","tourId":"41d2cc70-f2bc-433f-939c-1c5f20be4777"},"level":"info","message":"Req: POST /schedules","query":{},"timestamp":"2026-03-08T21:58:05.349Z"}
{"level":"info","message":"Res: POST /schedules - status: 201","timestamp":"2026-03-08T21:58:05.372Z"}
{"body":{},"level":"info","message":"Req: GET /tours/41d2cc70-f2bc-433f-939c-1c5f20be4777/schedules","query":{},"timestamp":"2026-03-08T21:58:26.463Z"}
{"level":"info","message":"Res: GET /tours/41d2cc70-f2bc-433f-939c-1c5f20be4777/schedules - status: 200","timestamp":"2026-03-08T21:58:26.480Z"}
{"level":"error","message":"Uncaught exception: CRITICAL SYSTEM FAILURE","stack":"Error: CRITICAL SYSTEM FAILURE\n    at Timeout._onTimeout (/app/src/server.ts:10:9)\n    at listOnTimeout (node:internal/timers:585:17)\n    at processTimers (node:internal/timers:521:7)","timestamp":"2026-03-12T12:43:54.713Z"}
{"level":"error","message":"Unhandled Rejection: \nInvalid `prisma.admin.findUnique()` invocation in\n/app/src/resources/security/admin.repository.ts:17:94\n\n  14   });\n  15 };\n  16 \n→ 17 export const getByLogin = async (login: string): Promise<Admin | null> => await prisma.admin.findUnique({\n       where: {\n         login: undefined,\n     ?   id?: String,\n     ?   AND?: AdminWhereInput | AdminWhereInput[],\n     ?   OR?: AdminWhereInput[],\n     ?   NOT?: AdminWhereInput | AdminWhereInput[],\n     ?   name?: StringFilter | String,\n     ?   password?: StringFilter | String\n       }\n     })\n\nArgument `where` of type AdminWhereUniqueInput needs at least one of `id` or `login` arguments. Available options are marked with ?.","timestamp":"2026-03-12T13:01:07.804Z"}
{"level":"error","message":"Unhandled Rejection: \nInvalid `prisma.admin.findUnique()` invocation in\n/app/src/resources/security/admin.repository.ts:17:94\n\n  14   });\n  15 };\n  16 \n→ 17 export const getByLogin = async (login: string): Promise<Admin | null> => await prisma.admin.findUnique({\n       where: {\n         login: undefined,\n     ?   id?: String,\n     ?   AND?: AdminWhereInput | AdminWhereInput[],\n     ?   OR?: AdminWhereInput[],\n     ?   NOT?: AdminWhereInput | AdminWhereInput[],\n     ?   name?: StringFilter | String,\n     ?   password?: StringFilter | String\n       }\n     })\n\nArgument `where` of type AdminWhereUniqueInput needs at least one of `id` or `login` arguments. Available options are marked with ?.","timestamp":"2026-03-12T13:02:39.715Z"}
{"level":"error","message":"Unhandled Rejection: \nInvalid `prisma.admin.findUnique()` invocation in\n/app/src/resources/security/admin.repository.ts:17:94\n\n  14   });\n  15 };\n  16 \n→ 17 export const getByLogin = async (login: string): Promise<Admin | null> => await prisma.admin.findUnique({\n       where: {\n         login: undefined,\n     ?   id?: String,\n     ?   AND?: AdminWhereInput | AdminWhereInput[],\n     ?   OR?: AdminWhereInput[],\n     ?   NOT?: AdminWhereInput | AdminWhereInput[],\n     ?   name?: StringFilter | String,\n     ?   password?: StringFilter | String\n       }\n     })\n\nArgument `where` of type AdminWhereUniqueInput needs at least one of `id` or `login` arguments. Available options are marked with ?.","timestamp":"2026-03-12T13:49:19.715Z"}
{"level":"error","message":"Uncaught exception: CRITICAL SYSTEM FAILURE","stack":"Error: CRITICAL SYSTEM FAILURE\n    at Timeout._onTimeout (/app/src/server.ts:10:9)\n    at listOnTimeout (node:internal/timers:585:17)\n    at processTimers (node:internal/timers:521:7)","timestamp":"2026-03-12T13:59:35.003Z"}
{"level":"error","message":"Unhandled Rejection: \nInvalid `prisma.admin.findUnique()` invocation in\n/app/src/resources/security/admin.repository.ts:17:94\n\n  14   });\n  15 };\n  16 \n→ 17 export const getByLogin = async (login: string): Promise<Admin | null> => await prisma.admin.findUnique({\n       where: {\n         login: undefined,\n     ?   id?: String,\n     ?   AND?: AdminWhereInput | AdminWhereInput[],\n     ?   OR?: AdminWhereInput[],\n     ?   NOT?: AdminWhereInput | AdminWhereInput[],\n     ?   name?: StringFilter | String,\n     ?   password?: StringFilter | String\n       }\n     })\n\nArgument `where` of type AdminWhereUniqueInput needs at least one of `id` or `login` arguments. Available options are marked with ?.","timestamp":"2026-03-12T14:09:56.682Z"}
{"level":"error","message":"Unhandled Rejection: \nInvalid `prisma.admin.findUnique()` invocation in\n/app/src/resources/security/admin.repository.ts:17:94\n\n  14   });\n  15 };\n  16 \n→ 17 export const getByLogin = async (login: string): Promise<Admin | null> => await prisma.admin.findUnique({\n       where: {\n         login: undefined,\n     ?   id?: String,\n     ?   AND?: AdminWhereInput | AdminWhereInput[],\n     ?   OR?: AdminWhereInput[],\n     ?   NOT?: AdminWhereInput | AdminWhereInput[],\n     ?   name?: StringFilter | String,\n     ?   password?: StringFilter | String\n       }\n     })\n\nArgument `where` of type AdminWhereUniqueInput needs at least one of `id` or `login` arguments. Available options are marked with ?.","timestamp":"2026-03-12T14:12:32.265Z"}
{"level":"error","message":"Uncaught exception: CRITICAL SYSTEM FAILURE","stack":"Error: CRITICAL SYSTEM FAILURE\n    at Timeout._onTimeout (/app/src/server.ts:10:9)\n    at listOnTimeout (node:internal/timers:585:17)\n    at processTimers (node:internal/timers:521:7)","timestamp":"2026-03-12T14:17:22.423Z"}
{"level":"error","message":"Uncaught exception: CRITICAL SYSTEM FAILURE","stack":"Error: CRITICAL SYSTEM FAILURE\n    at Timeout._onTimeout (/app/src/server.ts:10:9)\n    at listOnTimeout (node:internal/timers:585:17)\n    at processTimers (node:internal/timers:521:7)","timestamp":"2026-03-12T14:26:55.630Z"}
{"level":"error","message":"Uncaught exception: CRITICAL SYSTEM FAILURE","stack":"Error: CRITICAL SYSTEM FAILURE\n    at Timeout._onTimeout (/app/src/server.ts:10:9)\n    at listOnTimeout (node:internal/timers:585:17)\n    at processTimers (node:internal/timers:521:7)","timestamp":"2026-03-12T14:33:43.519Z"}
{"body":{},"level":"info","message":"Req: POST /users","query":{},"timestamp":"2026-03-12T14:33:49.810Z"}
{"level":"info","message":"Res: POST /users - status: 400","timestamp":"2026-03-12T14:33:49.818Z"}
{"body":{},"level":"info","message":"Req: POST /users","query":{},"timestamp":"2026-03-12T14:33:53.420Z"}
{"level":"info","message":"Res: POST /users - status: 400","timestamp":"2026-03-12T14:33:53.423Z"}
{"body":{},"level":"info","message":"Req: POST /users","query":{},"timestamp":"2026-03-12T14:35:59.794Z"}
{"level":"info","message":"Res: POST /users - status: 400","timestamp":"2026-03-12T14:35:59.798Z"}
{"level":"error","message":"Uncaught exception: CRITICAL SYSTEM FAILURE","stack":"Error: CRITICAL SYSTEM FAILURE\n    at Timeout._onTimeout (/app/src/server.ts:10:9)\n    at listOnTimeout (node:internal/timers:585:17)\n    at processTimers (node:internal/timers:521:7)","timestamp":"2026-03-12T19:09:37.802Z"}
{"level":"error","message":"Uncaught exception: CRITICAL SYSTEM FAILURE","stack":"Error: CRITICAL SYSTEM FAILURE\n    at Timeout._onTimeout (/app/src/server.ts:10:9)\n    at listOnTimeout (node:internal/timers:585:17)\n    at processTimers (node:internal/timers:521:7)","timestamp":"2026-03-12T19:15:07.016Z"}
{"level":"error","message":"Uncaught exception: CRITICAL SYSTEM FAILURE","stack":"Error: CRITICAL SYSTEM FAILURE\n    at Timeout._onTimeout (/app/src/server.ts:10:9)\n    at listOnTimeout (node:internal/timers:585:17)\n    at processTimers (node:internal/timers:521:7)","timestamp":"2026-03-12T19:23:32.934Z"}
{"body":{},"level":"info","message":"Req: POST /users","query":{},"timestamp":"2026-03-12T19:26:04.471Z"}
{"level":"info","message":"Res: POST /users - status: 400","timestamp":"2026-03-12T19:26:04.480Z"}
{"body":{},"level":"info","message":"Req: POST /users","query":{},"timestamp":"2026-03-12T19:26:13.499Z"}
{"level":"info","message":"Res: POST /users - status: 400","timestamp":"2026-03-12T19:26:13.502Z"}
{"body":{},"level":"info","message":"Req: POST /login","query":{},"timestamp":"2026-03-12T19:26:23.180Z"}
{"level":"error","message":"Unhandled Rejection: \nInvalid `prisma.admin.findUnique()` invocation in\n/app/src/resources/security/admin.repository.ts:17:94\n\n  14   });\n  15 };\n  16 \n→ 17 export const getByLogin = async (login: string): Promise<Admin | null> => await prisma.admin.findUnique({\n       where: {\n         login: undefined,\n     ?   id?: String,\n     ?   AND?: AdminWhereInput | AdminWhereInput[],\n     ?   OR?: AdminWhereInput[],\n     ?   NOT?: AdminWhereInput | AdminWhereInput[],\n     ?   name?: StringFilter | String,\n     ?   password?: StringFilter | String\n       }\n     })\n\nArgument `where` of type AdminWhereUniqueInput needs at least one of `id` or `login` arguments. Available options are marked with ?.","timestamp":"2026-03-12T19:26:23.384Z"}
{"body":{"login":"TARANTAS_TEST","name":"Kirill","password":"mypassword"},"level":"info","message":"Req: POST /users","query":{},"timestamp":"2026-03-12T19:34:52.466Z"}
{"level":"info","message":"Res: POST /users - status: 201","timestamp":"2026-03-12T19:34:52.576Z"}
{"body":{"login":"TARANTAS","password":"admin"},"level":"info","message":"Req: POST /login","query":{},"timestamp":"2026-03-12T19:35:32.124Z"}
{"level":"info","message":"Res: POST /login - status: 200","timestamp":"2026-03-12T19:35:32.195Z"}
{"body":{"description":"круто2","isAlive":true,"slug":"po prikolugfn4","title":"Тур на зону222"},"level":"info","message":"Req: POST /tours","query":{},"timestamp":"2026-03-12T19:35:53.045Z"}
{"level":"info","message":"Res: POST /tours - status: 201","timestamp":"2026-03-12T19:35:53.064Z"}
{"body":{},"level":"info","message":"Req: GET /tours","query":{},"timestamp":"2026-03-12T19:36:12.146Z"}
{"level":"info","message":"Res: GET /tours - status: 401","timestamp":"2026-03-12T19:36:12.147Z"}
{"body":{},"level":"info","message":"Req: GET /tours","query":{},"timestamp":"2026-03-12T19:36:21.306Z"}
{"level":"info","message":"Res: GET /tours - status: 200","timestamp":"2026-03-12T19:36:21.325Z"}
{"body":{},"level":"info","message":"Req: GET /prices","query":{},"timestamp":"2026-03-12T19:36:42.307Z"}
{"level":"info","message":"Res: GET /prices - status: 401","timestamp":"2026-03-12T19:36:42.308Z"}
{"body":{},"level":"info","message":"Req: GET /prices","query":{},"timestamp":"2026-03-12T19:36:49.270Z"}
{"level":"info","message":"Res: GET /prices - status: 200","timestamp":"2026-03-12T19:36:49.287Z"}
{"body":{"login":"TARANTAS","password":"admin"},"level":"info","message":"Req: POST /users","query":{},"timestamp":"2026-03-12T19:39:29.206Z"}
{"level":"info","message":"Res: POST /users - status: 400","timestamp":"2026-03-12T19:39:29.256Z"}
{"level":"error","message":"Uncaught exception: CRITICAL SYSTEM FAILURE","stack":"Error: CRITICAL SYSTEM FAILURE\n    at Timeout._onTimeout (/app/src/server.ts:10:9)\n    at listOnTimeout (node:internal/timers:585:17)\n    at processTimers (node:internal/timers:521:7)","timestamp":"2026-03-12T19:47:05.182Z"}
{"body":{"login":"TARANTAS","password":"admin"},"level":"info","message":"Req: POST /login","query":{},"timestamp":"2026-03-12T19:53:15.573Z"}
{"level":"info","message":"Res: POST /login - status: 200","timestamp":"2026-03-12T19:53:15.826Z"}
{"body":{},"level":"info","message":"Req: GET /tours","query":{},"timestamp":"2026-03-12T19:53:27.236Z"}
{"level":"info","message":"Res: GET /tours - status: 200","timestamp":"2026-03-12T19:53:27.261Z"}
{"body":{"login":"TARANTAS","password":"admin"},"level":"info","message":"Req: POST /users","query":{},"timestamp":"2026-03-12T20:03:05.246Z"}
{"level":"info","message":"Res: POST /users - status: 400","timestamp":"2026-03-12T20:03:05.362Z"}
{"body":{"login":"TARANTAS","name":"Kirill","password":"admin"},"level":"info","message":"Req: POST /users","query":{},"timestamp":"2026-03-12T20:10:55.160Z"}
{"level":"info","message":"Res: POST /users - status: 201","timestamp":"2026-03-12T20:10:55.232Z"}
{"body":{"login":"ADMIN","name":"CHINAZIK","password":"admin"},"level":"info","message":"Req: POST /users","query":{},"timestamp":"2026-03-12T20:11:19.963Z"}
{"level":"info","message":"Res: POST /users - status: 201","timestamp":"2026-03-12T20:11:20.033Z"}
{"body":{"login":"CHINAZIK","password":"admin"},"level":"info","message":"Req: POST /login","query":{},"timestamp":"2026-03-12T20:11:39.666Z"}
{"level":"info","message":"Res: POST /login - status: 401","timestamp":"2026-03-12T20:11:39.679Z"}
{"body":{"login":"ADMIN","password":"admin"},"level":"info","message":"Req: POST /login","query":{},"timestamp":"2026-03-12T20:12:05.825Z"}
{"level":"info","message":"Res: POST /login - status: 200","timestamp":"2026-03-12T20:12:05.885Z"}
{"body":{"login":"TARANTAS","password":"admin"},"level":"info","message":"Req: POST /login","query":{},"timestamp":"2026-03-12T20:12:18.689Z"}
{"level":"info","message":"Res: POST /login - status: 200","timestamp":"2026-03-12T20:12:18.744Z"}
